nohup: ignoring input
Processing 內科
Processing 掛哪一科_0
Processing 高血糖_1
Processing 愛滋病感染_2
Processing 口渴_3
Processing 大便相關問題_4
Processing 醫病關係_5
Processing c型肝炎_6
Processing 糖尿病_7
Processing HBsAb_8
Processing 孕婦用藥_9
Processing 吃藥問題_10
Processing 血糖濃度_11
Processing 服藥問題_12
Processing 股動脈_13
Processing 休格蘭氏症_14
Processing CRP_15
Processing 頻尿問題_16
Processing 指關節疼痛_17
Processing 請問科別_18
Processing 醫療器具消毒_19
Processing IgA指數_20
Processing PEP 曝露後預防性投藥_21
Processing 針扎感染_22
Processing 唐氏症_23
Processing 電解質_24
Processing 賁門鬆弛_25
Processing 手掌問題_26
Processing 汞中毒_27
Processing 支氣管纖維化_28
Processing 香港腳(足癬),_29
Processing 中毒_30
Processing 低血鈉症_31
Processing 血管性痙攣_32
Processing 塵肺症_33
Processing 肌肉抖動_34
Processing 傳染病問題_35
Processing 身體癢_36
Processing 生長激素_37
Processing 痣_38
Processing 糞口感染_39
Processing 臉部問題_40
Processing 矽肺病_41
Processing 足底筋膜炎_42
Processing 乾癬性關節炎_43
Processing 膚色_44
Processing 食物副作用_45
Processing 血液尿液檢驗_46
Processing 嗜鹼性球_47
Processing 熬夜後問題_48
Processing 水腫_49
Start writing data into database~~
Inserted 647 records for 內科
Processing 復健科
Processing 網球肘_0
Processing 腳踝骨折_1
Processing 鼠蹊部問題_2
Processing 髖關節以下疼痛_3
Processing 腳踝扭傷 術後問題_4
Processing 磁場治療_5
Processing 仰臥起坐_6
Processing 鎮定劑_7
Processing 肌肉問題_8
Processing 熱療_9
Processing 腿部問題_10
Processing 重覆經顱磁刺激(rTMS)_11
Processing 腳抽筋_12
Processing 殘障鑑定_13
Processing 阿滋海默症_14
Processing 口吃_15
Processing 頸椎復健_16
Processing 維骨力_17
Processing 伸展操_18
Processing 腳踝扭傷_19
Processing 左小腿前側抽痛_20
Processing 韌帶腫痛_21
Processing 肋骨術後_22
Processing RSI_23
Processing 彎腰後挺不直_24
Processing 發展遲緩用藥_25
Processing 上背痛_26
Processing PRP_27
Processing 手部問題_28
Processing 檢查_29
Processing 肥胖問題_30
Processing 膝蓋問題_31
Processing 尾椎骨折_32
Processing 脫臼問題_33
Processing 自閉兒_34
Processing 中樞神經_35
Processing 五十肩_36
Processing 構音異常問題_37
Processing 退化性關節炎_38
Processing 尺骨遠端骨折術後_39
Processing 電療_40
Processing 皮拉提斯_41
Processing 中風前兆_42
Processing 臀部_43
Processing 纖維肌痛症_44
Processing 肌肉酸痛_45
Processing 臀部撞傷_46
Processing 肩胛骨_47
Processing 背痛_48
Processing 超過動兒_49
Start writing data into database~~
Inserted 399 records for 復健科
Processing 整型外科
Processing 植髮_0
Processing 藥物諮詢_1
Processing 多汗症_2
Error processing paragraph: 'NoneType' object has no attribute 'group'
Processing 眼眶底閉鎖性骨折_3
Processing 臉部問題_4
Processing 皮瓣修補_5
Processing 義乳_6
Processing 皰疹疤痕_7
Processing 痣_8
Processing 手指裂傷_9
Processing 無限電波_10
Processing 血管瘤_11
Processing 車禍後傷口_12
Processing 免費除刺青_13
Processing 撕裂傷癒問題_14
Processing 牙齦外露_15
Processing 眼周皺紋_16
Processing 臉不對稱_17
Processing 狐臭手術_18
Processing 關於雙眼皮_19
Processing 手指斷肢_20
Processing 腳的問題_21
Processing 雷射除斑_22
Processing 過敏_23
Processing 顱顏手術_24
Processing 括約肌_25
Processing 鼻子問題_26
Processing 術後疤痕_27
Processing 疤痕_28
Processing 燙傷_29
Processing 黑色素細胞癌_30
Processing 腿要變細_31
Processing 玻尿酸_32
Processing 討厭的鬍子_33
Processing 縫線問題_34
Processing 隆乳_35
Processing 手術疤痕_36
Processing 重建手術_37
Processing 體型異常_38
Processing 唇顎裂_39
Processing 指甲問題_40
Processing 腋下多汗症_41
Error processing paragraph: 'NoneType' object has no attribute 'group'
Processing 大小眼症狀_42
Processing 男性女乳症術後_43
Processing 植皮_44
Processing 術前抗生素_45
Processing 手指斷肢術後_46
Processing 腱鞘囊腫_47
Processing 手術後續問題_48
Processing 其他_49
Start writing data into database~~
Inserted 225 records for 整型外科
Processing 放射線科
Processing 顯影劑或鋇劑_0
Processing 顯影劑_1
Processing 藥品含放射線_2
Processing 雙側下肺乳頭影子_3
Processing 斷層掃描_4
Processing 頸椎MRI_5
Processing 頸部電腦斷層_6
Processing 頸動脈支架_7
Processing 輻射問題_8
Processing 誤食_9
Processing 電磁波_10
Processing 電腦斷層顯影劑_11
Processing 電腦斷層檢查_12
Processing 電腦斷層輻射_13
Processing 電腦斷層掃描_14
Processing 電腦斷層判讀_15
Processing 電腦斷層_16
Processing 睪丸癌_17
Processing 超音波_18
Processing 第三醫學_19
Processing 骨掃描_20
Processing 胸部大小_21
Processing 核磁共振_22
Processing 核子醫學_23
Processing 肺葉鈣化陰影_24
Processing 肺部低劑量電腦斷層_25
Processing 放射線檢查_26
Processing 放射治療_27
Processing 兒童X光輻射問題_28
Processing 乳癌_29
Processing 乳房攝影_30
Processing 正子攝影_31
Processing 正子斷層掃描(PET)_32
Processing 手機問題_33
Processing 子宮動脈栓塞_34
Processing x光_35
Processing X光檢查_36
Processing X光輻射問題_37
Processing MRI顯影劑注射_38
Processing MRI報告問題_39
Processing MRI_40
Processing  經皮胃造口術_41
Start writing data into database~~
Inserted 531 records for 放射線科
Processing 高年科
Processing 頭暈_0
Processing 靜脈曲張_1
Processing 糖尿病_2
Processing 膝蓋問題_3
Processing 鼻胃管灌食_4
Processing 腦部退化_5
Processing 腳痛_6
Processing 新冠肺炎_7
Processing 嗆到問題_8
Processing 看哪一科_9
Processing 老年人記憶衰退_10
Processing 老人癡呆症_11
Processing 老人飲食_12
Processing 老人症狀_13
Processing 老人失眠問題_14
Processing 老人_15
Processing 失智老人_16
Processing 失智_17
Processing 巴金森氏症_18
Processing 中風_19
Processing B型肝炎_20
Start writing data into database~~
Inserted 106 records for 高年科
